Microchip MPLAB XC8 Compiler V2.20

Linker command line:

-W-3 --edf=C:\Program Files\Microchip\xc8\v2.20\pic\dat\en_msgs.txt -cn \
  -h+dist/default/production\Security_Lock_.X.production.sym \
  --cmf=dist/default/production\Security_Lock_.X.production.cmf -z \
  -Q16F877A -oC:\Users\ss\AppData\Local\Temp\sigc.2 \
  --defsym=__MPLAB_BUILD=1 \
  -Mdist/default/production/Security_Lock_.X.production.map -E1 \
  -ver=XC8 Compiler --acfsm=1493 -ASTACK=0110h-016Fh -pstack=STACK \
  -ACODE=00h-07FFhx4 -ASTRCODE=00h-01FFFh -ASTRING=00h-0FFhx32 \
  -ACONST=00h-0FFhx32 -AENTRY=00h-0FFhx32 -ACOMMON=070h-07Fh \
  -ABANK0=020h-06Fh -ABANK1=0A0h-0EFh -ABANK2=0110h-016Fh \
  -ABANK3=0190h-01EFh -ARAM=020h-06Fh,0A0h-0EFh,0110h-016Fh,0190h-01EFh \
  -AABS1=020h-07Fh,0A0h-0EFh,0110h-016Fh,0190h-01EFh -ASFR0=00h-01Fh \
  -ASFR1=080h-09Fh -ASFR2=0100h-010Fh -ASFR3=0180h-018Fh \
  -ACONFIG=02007h-02007h -DCONFIG=2 -AIDLOC=02000h-02003h -DIDLOC=2 \
  -preset_vec=00h,intentry,init,end_init -ppowerup=CODE -pcinit=CODE \
  -pfunctab=ENTRY -AEEDATA=00h-0FFh/02100h -peeprom_data=EEDATA -DEEDATA=2 \
  -DCODE=2 -DSTRCODE=2 -DSTRING=2 -DCONST=2 -DENTRY=2 -k \
  C:\Users\ss\AppData\Local\Temp\sigc.o \
  dist/default/production\Security_Lock_.X.production.o 

Object code version is 3.11

Machine type is 16F877A



                Name                               Link     Load   Length Selector   Space Scale
C:\Users\ss\AppData\Local\Temp\sigc.o
                end_init                              0        0        3        0       0
                config                             2007     2007        1        0       4
dist/default/production\Security_Lock_.X.production.o
                cinit                               7E4      7E4       1C      FC8       0
                config                             2007     2007        1        0       4
                text8                               571      571       FA      AE2       0
                text7                               424      424       22      848       0
                text6                               40A      40A       1A      814       0
                text5                               3EA      3EA        D      7D4       0
                text4                               512      512       5F      A24       0
                text3                               446      446       25      88C       0
                text2                               46B      46B       52      8D6       0
                text1                               4BD      4BD       55      97A       0
                maintext                            66B      66B      179      CD6       0
                cstackBANK0                          32       32        7       20       1
                cstackCOMMON                         70       70        C       70       1
                inittext                            3F7      3F7       13      7EE       0
                dataBANK0                            2A       2A        8       20       1
                bssBANK0                             20       20        A       20       1
                strings                               3        3       2B        6       0
                idataBANK0                          3E2      3E2        8      7C4       0

TOTAL           Name                               Link     Load   Length     Space
        CLASS   STACK          

        CLASS   CODE           
                end_init                              0        0        3         0
                cinit                               7E4      7E4       1C         0
                text8                               571      571       FA         0
                text7                               424      424       22         0
                text6                               40A      40A       1A         0
                text5                               3EA      3EA        D         0
                text4                               512      512       5F         0
                text3                               446      446       25         0
                text2                               46B      46B       52         0
                text1                               4BD      4BD       55         0
                maintext                            66B      66B      179         0
                inittext                            3F7      3F7       13         0
                idataBANK0                          3E2      3E2        8         0

        CLASS   STRCODE        

        CLASS   STRING         
                strings                               3        3       2B         0

        CLASS   CONST          

        CLASS   ENTRY          

        CLASS   COMMON         
                cstackCOMMON                         70       70        C         1

        CLASS   BANK0          
                cstackBANK0                          32       32        7         1
                dataBANK0                            2A       2A        8         1
                bssBANK0                             20       20        A         1

        CLASS   BANK1          

        CLASS   BANK2          

        CLASS   BANK3          

        CLASS   RAM            

        CLASS   ABS1           
                abs_s1                               7E       7E        2         1

        CLASS   SFR0           

        CLASS   SFR1           

        CLASS   SFR2           

        CLASS   SFR3           

        CLASS   CONFIG         
                config                             2007     2007        1         4

        CLASS   IDLOC          

        CLASS   EEDATA         



SEGMENTS        Name                           Load    Length   Top    Selector   Space  Class     Delta

                reset_vec                      000000  000003  000003         0       0  CODE        2
                strings                        000003  00002B  00002E         6       0  STRING      2
                bssBANK0                       000020  000019  000039        20       1  BANK0       1
                cstackCOMMON                   000070  00000C  00007C        70       1  COMMON      1
                idataBANK0                     0003E2  000008  0003EA       7C4       0  CODE        2
                text5                          0003EA  00000D  0003F7       7D4       0  CODE        2
                inittext                       0003F7  000013  00040A       7EE       0  CODE        2
                text6                          00040A  00001A  000424       814       0  CODE        2
                text7                          000424  000022  000446       848       0  CODE        2
                text3                          000446  000025  00046B       88C       0  CODE        2
                text2                          00046B  000052  0004BD       8D6       0  CODE        2
                text1                          0004BD  000055  000512       97A       0  CODE        2
                text4                          000512  00005F  000571       A24       0  CODE        2
                text8                          000571  0000FA  00066B       AE2       0  CODE        2
                maintext                       00066B  000179  0007E4       CD6       0  CODE        2
                cinit                          0007E4  00001C  000800       FC8       0  CODE        2


UNUSED ADDRESS RANGES

        Name                Unused          Largest block    Delta
        BANK0            0039-006F             37           1
        BANK1            00A0-00EF             50           1
        BANK2            0110-016F             60           1
        BANK3            0190-01EF             60           1
        CODE             002E-03E1            3B4           2
                         0800-1FFF            800
        COMMON           007C-007D              2           1
        CONST            002E-03E1            100           2
                         0800-1FFF            100
        EEDATA           2100-21FF            100           2
        ENTRY            002E-03E1            100           2
                         0800-1FFF            100
        IDLOC            2000-2003              4           2
        RAM              0039-006F             37           1
                         00A0-00EF             50
                         0110-016F             60
                         0190-01EF             60
        SFR0             0000-001F             20           1
        SFR1             0080-009F             20           1
        SFR2             0100-010F             10           1
        SFR3             0180-018F             10           1
        STACK            0110-016F             60           1
        STRCODE          002E-03E1            3B4           2
                         0800-1FFF           1800
        STRING           002E-03E1            100           2
                         0800-1FFF            100

                                  Symbol Table

_PORTB                      (abs)        0006
_RC0                        (abs)        0038
_RC1                        (abs)        0039
_RC2                        (abs)        003A
_RC4                        (abs)        003C
_RC5                        (abs)        003D
_RC6                        (abs)        003E
_RC7                        (abs)        003F
_RD2                        (abs)        0042
_RD3                        (abs)        0043
_RD4                        (abs)        0044
_RD5                        (abs)        0045
_RD6                        (abs)        0046
_RD7                        (abs)        0047
_TRISB                      (abs)        0086
_TRISC                      (abs)        0087
_TRISD                      (abs)        0088
__Habs1                     abs1         0000
__Hbank0                    bank0        0000
__Hbank1                    bank1        0000
__Hbank2                    bank2        0000
__Hbank3                    bank3        0000
__HbssBANK0                 bssBANK0     0000
__Hcinit                    cinit        0800
__Hclrtext                  clrtext      0000
__Hcode                     code         0000
__Hcommon                   common       0000
__Hconfig                   config       2008
__HcstackBANK0              cstackBANK0  0000
__HcstackCOMMON             cstackCOMMON 0000
__HdataBANK0                dataBANK0    0000
__Heeprom_data              eeprom_data  0000
__Hend_init                 end_init     0003
__Hfunctab                  functab      0000
__HidataBANK0               idataBANK0   0000
__Hinit                     init         0000
__Hinittext                 inittext     0000
__Hintentry                 intentry     0000
__Hmaintext                 maintext     0000
__Hpowerup                  powerup      0000
__Hram                      ram          0000
__Hreset_vec                reset_vec    0000
__Hsfr0                     sfr0         0000
__Hsfr1                     sfr1         0000
__Hsfr2                     sfr2         0000
__Hsfr3                     sfr3         0000
__Hspace_0                  (abs)        0800
__Hspace_1                  (abs)        007C
__Hspace_2                  (abs)        0000
__Hspace_3                  (abs)        0000
__Hspace_4                  (abs)        400F
__Hstack                    stack        0000
__Hstrings                  strings      0000
__Htext                     text         0000
__Labs1                     abs1         0000
__Lbank0                    bank0        0000
__Lbank1                    bank1        0000
__Lbank2                    bank2        0000
__Lbank3                    bank3        0000
__LbssBANK0                 bssBANK0     0000
__Lcinit                    cinit        07E4
__Lclrtext                  clrtext      0000
__Lcode                     code         0000
__Lcommon                   common       0000
__Lconfig                   config       0000
__LcstackBANK0              cstackBANK0  0000
__LcstackCOMMON             cstackCOMMON 0000
__LdataBANK0                dataBANK0    0000
__Leeprom_data              eeprom_data  0000
__Lend_init                 end_init     0000
__Lfunctab                  functab      0000
__LidataBANK0               idataBANK0   0000
__Linit                     init         0000
__Linittext                 inittext     0000
__Lintentry                 intentry     0000
__Lmaintext                 maintext     0000
__Lpowerup                  powerup      0000
__Lram                      ram          0000
__Lreset_vec                reset_vec    0000
__Lsfr0                     sfr0         0000
__Lsfr1                     sfr1         0000
__Lsfr2                     sfr2         0000
__Lsfr3                     sfr3         0000
__Lspace_0                  (abs)        0000
__Lspace_1                  (abs)        0000
__Lspace_2                  (abs)        0000
__Lspace_3                  (abs)        0000
__Lspace_4                  (abs)        0000
__Lstack                    stack        0000
__Lstrings                  strings      0000
__Ltext                     text         0000
__S0                        (abs)        0800
__S1                        (abs)        007C
__S2                        (abs)        0000
__S3                        (abs)        0000
___int_sp                   stack        0000
___latbits                  (abs)        0002
___sp                       stack        0000
___stackhi                  (abs)        0000
___stacklo                  (abs)        0000
__end_of__initialization    cinit        07FC
__end_of__stringtab         strings      0009
__end_of_get_colm           text8        066B
__end_of_lcd_clear          text5        03F7
__end_of_lcd_cmd            text6        0424
__end_of_lcd_print_char     text4        0571
__end_of_lcd_print_string   text3        046B
__end_of_lcd_set_cursor     text2        04BD
__end_of_lcd_setbit         text7        0446
__end_of_lcd_start          text1        0512
__end_of_main               maintext     07E4
__initialization            cinit        07E4
__pbssBANK0                 bssBANK0     0020
__pcstackBANK0              cstackBANK0  0032
__pcstackCOMMON             cstackCOMMON 0070
__pdataBANK0                dataBANK0    002A
__pidataBANK0               idataBANK0   03E2
__pmaintext                 maintext     066B
__pstrings                  strings      0003
__ptext1                    text1        04BD
__ptext2                    text2        046B
__ptext3                    text3        0446
__ptext4                    text4        0512
__ptext5                    text5        03EA
__ptext6                    text6        040A
__ptext7                    text7        0424
__ptext8                    text8        0571
__size_of_get_colm          (abs)        0000
__size_of_lcd_clear         (abs)        0000
__size_of_lcd_cmd           (abs)        0000
__size_of_lcd_print_char    (abs)        0000
__size_of_lcd_print_string  (abs)        0000
__size_of_lcd_set_cursor    (abs)        0000
__size_of_lcd_setbit        (abs)        0000
__size_of_lcd_start         (abs)        0000
__size_of_main              (abs)        0000
__stringbase                strings      0008
__stringtab                 strings      0003
_get_colm                   text8        0571
_input                      bssBANK0     0020
_lcd_clear                  text5        03EA
_lcd_cmd                    text6        040A
_lcd_print_char             text4        0512
_lcd_print_string           text3        0446
_lcd_set_cursor             text2        046B
_lcd_setbit                 text7        0424
_lcd_start                  text1        04BD
_main                       maintext     066B
_pass                       dataBANK0    002A
btemp                       (abs)        007E
end_of_initialization       cinit        07FC
get_colm@i                  cstackCOMMON 0070
init_fetch0                 inittext     03F7
init_ram0                   inittext     03FB
intlevel0                   functab      0000
intlevel1                   functab      0000
intlevel2                   functab      0000
intlevel3                   functab      0000
intlevel4                   functab      0000
intlevel5                   functab      0000
lcd_cmd@a                   cstackCOMMON 0073
lcd_print_char@data         cstackCOMMON 0074
lcd_print_char@i            cstackCOMMON 0075
lcd_print_char@i_73         cstackCOMMON 0077
lcd_print_char@lower_nibble cstackCOMMON 0072
lcd_print_char@upper_nibble cstackCOMMON 0073
lcd_print_string@a          cstackCOMMON 007B
lcd_print_string@i          cstackCOMMON 0079
lcd_set_cursor@a            cstackCOMMON 0076
lcd_set_cursor@b            cstackCOMMON 0074
lcd_set_cursor@temp         cstackCOMMON 0079
lcd_set_cursor@y            cstackCOMMON 0078
lcd_set_cursor@z            cstackCOMMON 0077
lcd_setbit@data_bit         cstackCOMMON 0070
main@j                      cstackBANK0  0037
main@y                      cstackBANK0  0035
reset_vec                   reset_vec    0000
start                       init         0000
start_initialization        cinit        07E4
wtemp0                      (abs)        007E


FUNCTION INFORMATION:

 *************** function _main *****************
 Defined at:
		line 231 in file "security lock.c"
 Parameters:    Size  Location     Type
		None
 Auto vars:     Size  Location     Type
  y               2    3[BANK0 ] int 
  j               2    5[BANK0 ] int 
  a               2    0        unsigned int 
 Return value:  Size  Location     Type
                  2  141[None  ] int 
 Registers used:
		wreg, fsr0l, fsr0h, status,2, status,0, btemp+1, pclath, cstack
 Tracked objects:
		On entry : 
		On exit  : 
		Unchanged: 
 Data sizes:     COMMON   BANK0   BANK1   BANK3   BANK2
      Params:         0       0       0       0       0
      Locals:         0       4       0       0       0
      Temps:          0       3       0       0       0
      Totals:         0       7       0       0       0
Total ram usage:        7 bytes
 Hardware stack levels required when called:    3
 This function calls:
		_get_colm
		_lcd_clear
		_lcd_print_string
		_lcd_set_cursor
		_lcd_start
 This function is called by:
		Startup code after reset
 This function uses a non-reentrant model


 *************** function _lcd_start *****************
 Defined at:
		line 188 in file "security lock.c"
 Parameters:    Size  Location     Type
		None
 Auto vars:     Size  Location     Type
  i               2    0        int 
 Return value:  Size  Location     Type
                  1    wreg      void 
 Registers used:
		wreg, status,2, status,0, pclath, cstack
 Tracked objects:
		On entry : 
		On exit  : 
		Unchanged: 
 Data sizes:     COMMON   BANK0   BANK1   BANK3   BANK2
      Params:         0       0       0       0       0
      Locals:         2       0       0       0       0
      Temps:          2       0       0       0       0
      Totals:         4       0       0       0       0
Total ram usage:        4 bytes
 Hardware stack levels used:    1
 Hardware stack levels required when called:    2
 This function calls:
		_lcd_cmd
		_lcd_setbit
 This function is called by:
		_main
 This function uses a non-reentrant model


 *************** function _lcd_set_cursor *****************
 Defined at:
		line 170 in file "security lock.c"
 Parameters:    Size  Location     Type
  a               1    wreg     unsigned char 
  b               1    4[COMMON] unsigned char 
 Auto vars:     Size  Location     Type
  a               1    6[COMMON] unsigned char 
  temp            1    9[COMMON] unsigned char 
  y               1    8[COMMON] unsigned char 
  z               1    7[COMMON] unsigned char 
 Return value:  Size  Location     Type
                  1    wreg      void 
 Registers used:
		wreg, status,2, status,0, btemp+1, pclath, cstack
 Tracked objects:
		On entry : 
		On exit  : 
		Unchanged: 
 Data sizes:     COMMON   BANK0   BANK1   BANK3   BANK2
      Params:         1       0       0       0       0
      Locals:         4       0       0       0       0
      Temps:          1       0       0       0       0
      Totals:         6       0       0       0       0
Total ram usage:        6 bytes
 Hardware stack levels used:    1
 Hardware stack levels required when called:    2
 This function calls:
		_lcd_cmd
 This function is called by:
		_main
 This function uses a non-reentrant model


 *************** function _lcd_print_string *****************
 Defined at:
		line 224 in file "security lock.c"
 Parameters:    Size  Location     Type
  a               1    wreg     PTR unsigned char 
		 -> STR_5(10), STR_4(8), STR_3(2), STR_2(2), 
		 -> STR_1(15), 
 Auto vars:     Size  Location     Type
  a               1   11[COMMON] PTR unsigned char 
		 -> STR_5(10), STR_4(8), STR_3(2), STR_2(2), 
		 -> STR_1(15), 
  i               2    9[COMMON] int 
 Return value:  Size  Location     Type
                  1    wreg      void 
 Registers used:
		wreg, fsr0l, fsr0h, status,2, status,0, btemp+1, pclath, cstack
 Tracked objects:
		On entry : 
		On exit  : 
		Unchanged: 
 Data sizes:     COMMON   BANK0   BANK1   BANK3   BANK2
      Params:         0       0       0       0       0
      Locals:         3       0       0       0       0
      Temps:          0       0       0       0       0
      Totals:         3       0       0       0       0
Total ram usage:        3 bytes
 Hardware stack levels used:    1
 Hardware stack levels required when called:    2
 This function calls:
		_lcd_print_char
 This function is called by:
		_main
 This function uses a non-reentrant model


 *************** function _lcd_print_char *****************
 Defined at:
		line 208 in file "security lock.c"
 Parameters:    Size  Location     Type
  data            1    wreg     unsigned char 
 Auto vars:     Size  Location     Type
  data            1    4[COMMON] unsigned char 
  i               2    7[COMMON] int 
  i               2    5[COMMON] int 
  upper_nibble    1    3[COMMON] unsigned char 
  lower_nibble    1    2[COMMON] unsigned char 
 Return value:  Size  Location     Type
                  1    wreg      void 
 Registers used:
		wreg, status,2, status,0, btemp+1, pclath, cstack
 Tracked objects:
		On entry : 
		On exit  : 
		Unchanged: 
 Data sizes:     COMMON   BANK0   BANK1   BANK3   BANK2
      Params:         0       0       0       0       0
      Locals:         7       0       0       0       0
      Temps:          1       0       0       0       0
      Totals:         8       0       0       0       0
Total ram usage:        8 bytes
 Hardware stack levels used:    1
 Hardware stack levels required when called:    1
 This function calls:
		_lcd_setbit
 This function is called by:
		_lcd_print_string
 This function uses a non-reentrant model


 *************** function _lcd_clear *****************
 Defined at:
		line 164 in file "security lock.c"
 Parameters:    Size  Location     Type
		None
 Auto vars:     Size  Location     Type
		None
 Return value:  Size  Location     Type
                  1    wreg      void 
 Registers used:
		wreg, status,2, status,0, pclath, cstack
 Tracked objects:
		On entry : 
		On exit  : 
		Unchanged: 
 Data sizes:     COMMON   BANK0   BANK1   BANK3   BANK2
      Params:         0       0       0       0       0
      Locals:         0       0       0       0       0
      Temps:          0       0       0       0       0
      Totals:         0       0       0       0       0
Total ram usage:        0 bytes
 Hardware stack levels used:    1
 Hardware stack levels required when called:    2
 This function calls:
		_lcd_cmd
 This function is called by:
		_main
 This function uses a non-reentrant model


 *************** function _lcd_cmd *****************
 Defined at:
		line 155 in file "security lock.c"
 Parameters:    Size  Location     Type
  a               1    wreg     unsigned char 
 Auto vars:     Size  Location     Type
  a               1    3[COMMON] unsigned char 
 Return value:  Size  Location     Type
                  1    wreg      void 
 Registers used:
		wreg, status,2, status,0, pclath, cstack
 Tracked objects:
		On entry : 
		On exit  : 
		Unchanged: 
 Data sizes:     COMMON   BANK0   BANK1   BANK3   BANK2
      Params:         0       0       0       0       0
      Locals:         1       0       0       0       0
      Temps:          2       0       0       0       0
      Totals:         3       0       0       0       0
Total ram usage:        3 bytes
 Hardware stack levels used:    1
 Hardware stack levels required when called:    1
 This function calls:
		_lcd_setbit
 This function is called by:
		_lcd_clear
		_lcd_set_cursor
		_lcd_start
 This function uses a non-reentrant model


 *************** function _lcd_setbit *****************
 Defined at:
		line 135 in file "security lock.c"
 Parameters:    Size  Location     Type
  data_bit        1    wreg     unsigned char 
 Auto vars:     Size  Location     Type
  data_bit        1    0[COMMON] unsigned char 
 Return value:  Size  Location     Type
                  1    wreg      void 
 Registers used:
		wreg
 Tracked objects:
		On entry : 
		On exit  : 
		Unchanged: 
 Data sizes:     COMMON   BANK0   BANK1   BANK3   BANK2
      Params:         0       0       0       0       0
      Locals:         1       0       0       0       0
      Temps:          0       0       0       0       0
      Totals:         1       0       0       0       0
Total ram usage:        1 bytes
 Hardware stack levels used:    1
 This function calls:
		Nothing
 This function is called by:
		_lcd_cmd
		_lcd_start
		_lcd_print_char
 This function uses a non-reentrant model


 *************** function _get_colm *****************
 Defined at:
		line 49 in file "security lock.c"
 Parameters:    Size  Location     Type
  i               2    0[COMMON] int 
 Auto vars:     Size  Location     Type
		None
 Return value:  Size  Location     Type
                  1    wreg      void 
 Registers used:
		wreg, fsr0l, fsr0h, status,2, status,0
 Tracked objects:
		On entry : 
		On exit  : 
		Unchanged: 
 Data sizes:     COMMON   BANK0   BANK1   BANK3   BANK2
      Params:         2       0       0       0       0
      Locals:         0       0       0       0       0
      Temps:          1       0       0       0       0
      Totals:         3       0       0       0       0
Total ram usage:        3 bytes
 Hardware stack levels used:    1
 This function calls:
		Nothing
 This function is called by:
		_main
 This function uses a non-reentrant model



MODULE INFORMATION

Module		Function		Class		Link	Load	Size
security lock.c
		_get_colm      		CODE           	0571	0000	251
		_lcd_cmd       		CODE           	040A	0000	27
		_lcd_setbit    		CODE           	0424	0000	35
		_lcd_start     		CODE           	04BD	0000	86
		_main          		CODE           	066B	0000	378
		_lcd_set_cursor		CODE           	046B	0000	83
		_lcd_clear     		CODE           	03EA	0000	14
		_lcd_print_string		CODE           	0446	0000	38
		_lcd_print_char		CODE           	0512	0000	96

security lock.c estimated size: 1008

shared
		__stringtab    		STRING         	0003	0000	7
		__initialization		CODE           	07E4	0000	25

shared estimated size: 32

